<html>
<body>
<pre>
<h1>µVision Build Log</h1>
<h2>Tool Versions:</h2>
IDE-Version: µVision V5.38.0.0
Copyright (C) 2022 ARM Ltd and ARM Germany GmbH. All rights reserved.
License Information: Umut Özgür Delimehmetoðlu, Sakarya University, LIC=----
 
Tool Versions:
Toolchain:       MDK-Lite  Version: 5.38.0.0
Toolchain Path:  C:\Keil_v5\ARM\ARMCLANG\Bin
C Compiler:      ArmClang.exe V6.19
Assembler:       Armasm.exe V6.19
Linker/Locator:  ArmLink.exe V6.19
Library Manager: ArmAr.exe V6.19
Hex Converter:   FromElf.exe V6.19
CPU DLL:         SARMCM3.DLL V5.38.0.0
Dialog DLL:      DCM.DLL V1.17.5.0
Target DLL:      STLink\ST-LINKIII-KEIL_SWO.dll V3.1.0.0
Dialog DLL:      TCM.DLL V1.56.4.0
 
<h2>Project:</h2>
C:\workspace\dmoRTOS\dmoRTOS\dmoRTOS.uvprojx
Project File Date:  03/05/2023

<h2>Output:</h2>
*** Using Compiler 'V6.19', folder: 'C:\Keil_v5\ARM\ARMCLANG\Bin'
Build target 'STM32F4'
Note: source file '.\osKernel\osKernel.s' - object file renamed from '.\Objects\osKernel.o' to '.\Objects\oskernel_1.o'.
Note: source file '.\osKernel\osKernel.s' - object file renamed from '.\Objects\osKernel.o' to '.\Objects\oskernel_1.o'.
main.c(1): warning: In file included from...
./osKernel/osKernel.h(5): warning: // comments are not allowed in this language [-Wcomment]
#include "stm32f407xx.h"              // Device header
                                      ^
./osKernel/osKernel.h(9): warning: a function declaration without a prototype is deprecated in all versions of C [-Wstrict-prototypes]
void osKernelPeriodicInit();
                         ^
                          void
./osKernel/osKernel.h(11): warning: a function declaration without a prototype is deprecated in all versions of C [-Wstrict-prototypes]
void osKernelPeriodicTaskCreate( void(*task)() ,uint32_t period);
                                            ^
                                             void
main.c(5): warning: no previous prototype for function 'task0' [-Wmissing-prototypes]
void task0(void)
     ^
main.c(5): note: declare 'static' if the function is not intended to be used outside of this translation unit
void task0(void)
^
static 
main.c(6): warning: function 'task0' could be declared with attribute 'noreturn' [-Wmissing-noreturn]
{
^
main.c(14): warning: no previous prototype for function 'task1' [-Wmissing-prototypes]
void task1(void)
     ^
main.c(14): note: declare 'static' if the function is not intended to be used outside of this translation unit
void task1(void)
^
static 
main.c(15): warning: function 'task1' could be declared with attribute 'noreturn' [-Wmissing-noreturn]
{
^
main.c(23): warning: no previous prototype for function 'task2' [-Wmissing-prototypes]
void task2(void)
     ^
main.c(23): note: declare 'static' if the function is not intended to be used outside of this translation unit
void task2(void)
^
static 
main.c(24): warning: function 'task2' could be declared with attribute 'noreturn' [-Wmissing-noreturn]
{
^
main.c(32): warning: no previous prototype for function 'periodicTask1' [-Wmissing-prototypes]
void periodicTask1(void)
     ^
main.c(32): note: declare 'static' if the function is not intended to be used outside of this translation unit
void periodicTask1(void)
^
static 
main.c(37): warning: no previous prototype for function 'periodicTask2' [-Wmissing-prototypes]
void periodicTask2(void)
     ^
main.c(37): note: declare 'static' if the function is not intended to be used outside of this translation unit
void periodicTask2(void)
^
static 
main.c(41): warning: a function declaration without a prototype is deprecated in all versions of C [-Wstrict-prototypes]
int main()
        ^
         void
main.c(56): warning: no newline at end of file [-Wnewline-eof]
}
 ^
main.c(3): warning: no previous extern declaration for non-static variable 'task0Profiller' [-Wmissing-variable-declarations]
uint32_t task0Profiller, task1Profiller, task2Profiller, periodicTask1Profiller,periodicTask2Profiller;
         ^
main.c(3): note: declare 'static' if the variable is not intended to be used outside of this translation unit
uint32_t task0Profiller, task1Profiller, task2Profiller, periodicTask1Profiller,periodicTask2Profiller;
^
main.c(3): warning: no previous extern declaration for non-static variable 'task1Profiller' [-Wmissing-variable-declarations]
uint32_t task0Profiller, task1Profiller, task2Profiller, periodicTask1Profiller,periodicTask2Profiller;
                         ^
main.c(3): note: declare 'static' if the variable is not intended to be used outside of this translation unit
uint32_t task0Profiller, task1Profiller, task2Profiller, periodicTask1Profiller,periodicTask2Profiller;
^
main.c(3): warning: no previous extern declaration for non-static variable 'task2Profiller' [-Wmissing-variable-declarations]
uint32_t task0Profiller, task1Profiller, task2Profiller, periodicTask1Profiller,periodicTask2Profiller;
                                         ^
main.c(3): note: declare 'static' if the variable is not intended to be used outside of this translation unit
uint32_t task0Profiller, task1Profiller, task2Profiller, periodicTask1Profiller,periodicTask2Profiller;
^
main.c(3): warning: no previous extern declaration for non-static variable 'periodicTask1Profiller' [-Wmissing-variable-declarations]
uint32_t task0Profiller, task1Profiller, task2Profiller, periodicTask1Profiller,periodicTask2Profiller;
                                                         ^
main.c(3): note: declare 'static' if the variable is not intended to be used outside of this translation unit
uint32_t task0Profiller, task1Profiller, task2Profiller, periodicTask1Profiller,periodicTask2Profiller;
^
main.c(3): warning: no previous extern declaration for non-static variable 'periodicTask2Profiller' [-Wmissing-variable-declarations]
uint32_t task0Profiller, task1Profiller, task2Profiller, periodicTask1Profiller,periodicTask2Profiller;
                                                                                ^
main.c(3): note: declare 'static' if the variable is not intended to be used outside of this translation unit
uint32_t task0Profiller, task1Profiller, task2Profiller, periodicTask1Profiller,periodicTask2Profiller;
^
18 warnings generated.
compiling main.c...
linking...
Program Size: Code=1728 RO-data=424 RW-data=8 ZI-data=2800  
".\Objects\dmoRTOS.axf" - 0 Error(s), 18 Warning(s).

<h2>Software Packages used:</h2>

Package Vendor: ARM
                http://www.keil.com/pack/ARM.CMSIS.5.9.0.pack
                ARM.CMSIS.5.9.0
                CMSIS (Common Microcontroller Software Interface Standard)
   * Component: CORE Version: 5.6.0

Package Vendor: Keil
                https://www.keil.com/pack/Keil.STM32F4xx_DFP.2.17.0.pack
                Keil.STM32F4xx_DFP.2.17.0
                STMicroelectronics STM32F4 Series Device Support, Drivers and Examples
   * Component: Startup Version: 2.6.3

<h2>Collection of Component include folders:</h2>
  ./RTE/_STM32F4
  C:/Keil_v5/ARM/Packs/ARM/CMSIS/5.9.0/CMSIS/Core/Include
  C:/Keil_v5/ARM/Packs/Keil/STM32F4xx_DFP/2.17.0/Drivers/CMSIS/Device/ST/STM32F4xx/Include

<h2>Collection of Component Files used:</h2>

   * Component: ARM::CMSIS:CORE:5.6.0

   * Component: Keil::Device:Startup:2.6.3
      Source file:   MDK/Device/Source/ARM/STM32F40xxx_41xxx_OPT.s
      Include file:  Drivers/CMSIS/Device/ST/STM32F4xx/Include/stm32f4xx.h
      Source file:   Drivers/CMSIS/Device/ST/STM32F4xx/Source/Templates/arm/startup_stm32f407xx.s
      Source file:   MDK/Device/Source/ARM/STM32F4xx_OTP.s
      Source file:   Drivers/CMSIS/Device/ST/STM32F4xx/Source/Templates/system_stm32f4xx.c
Build Time Elapsed:  00:00:01
</pre>
</body>
</html>
