../Middleware/dmoRTOS/Source/portable/GCC/ARM_CM4F/port.c:20:6:vPortTaskStackInit	16	static
../Middleware/dmoRTOS/Source/portable/GCC/ARM_CM4F/port.c:44:9:xPortTaskCreate	32	static,ignoring_inline_asm
../Middleware/dmoRTOS/Source/portable/GCC/ARM_CM4F/port.c:79:9:vPortSetupTimerInterrupt	4	static,ignoring_inline_asm
../Middleware/dmoRTOS/Source/portable/GCC/ARM_CM4F/port.c:95:6:vPortSchedulerLaunch	4	static,ignoring_inline_asm
../Middleware/dmoRTOS/Source/portable/GCC/ARM_CM4F/port.c:121:6:deneme	16	static,ignoring_inline_asm
../Middleware/dmoRTOS/Source/portable/GCC/ARM_CM4F/port.c:183:29:SysTick_Handler	0	static,ignoring_inline_asm
../Middleware/dmoRTOS/Source/portable/GCC/ARM_CM4F/port.c:219:6:xPortSchedulerStart	8	static
../Middleware/dmoRTOS/Source/portable/GCC/ARM_CM4F/port.c:225:6:xPortTaskYield	4	static
../Middleware/dmoRTOS/Source/portable/GCC/ARM_CM4F/port.c:231:6:xPortTaskWait	4	static
../Middleware/dmoRTOS/Source/portable/GCC/ARM_CM4F/port.c:239:6:xPortIdleHook	4	static
../Middleware/dmoRTOS/Source/portable/GCC/ARM_CM4F/port.c:247:13:xPortCreateIdleHookTask	24	static
