../Middleware/dmoRTOS/Source/portable/GCC/ARM_CM4F/port.c:20:6:vPortTaskStackInit	16	static
../Middleware/dmoRTOS/Source/portable/GCC/ARM_CM4F/port.c:44:9:xPortTaskCreate	32	static,ignoring_inline_asm
../Middleware/dmoRTOS/Source/portable/GCC/ARM_CM4F/port.c:87:9:vPortSetupTimerInterrupt	4	static,ignoring_inline_asm
../Middleware/dmoRTOS/Source/portable/GCC/ARM_CM4F/port.c:103:6:vPortSchedulerLaunch	4	static,ignoring_inline_asm
../Middleware/dmoRTOS/Source/portable/GCC/ARM_CM4F/port.c:121:13:xTaskSwitch	16	static,ignoring_inline_asm
../Middleware/dmoRTOS/Source/portable/GCC/ARM_CM4F/port.c:165:29:SysTick_Handler	0	static,ignoring_inline_asm
../Middleware/dmoRTOS/Source/portable/GCC/ARM_CM4F/port.c:197:6:xPortSchedulerStart	8	static
../Middleware/dmoRTOS/Source/portable/GCC/ARM_CM4F/port.c:203:6:xPortTaskYield	4	static
../Middleware/dmoRTOS/Source/portable/GCC/ARM_CM4F/port.c:209:6:xPortTaskWait	4	static
../Middleware/dmoRTOS/Source/portable/GCC/ARM_CM4F/port.c:217:6:xPortIdleHook	4	static
../Middleware/dmoRTOS/Source/portable/GCC/ARM_CM4F/port.c:226:13:xPortCreateIdleHookTask	24	static
